*************LDAP CLIENT****************
#Install the necessary LDAP client packages.
sudo apt-get update
sudo apt-get -y install libnss-ldap libpam-ldap ldap-utils nscd
 
ldap://Server-IP-address #change lpdapi:/// to ldap:// 
#user ldap version 3
 dc=ldap,dc=local
cn=ldapadm,dc=ldap,dc=local_

#Configure authentication:
# /etc/nsswitch.conf
#
# Example configuration of GNU Name Service Switch functionality.
# If you have the `glibc-doc-reference' and `info' packages installed, try:
# `info libc "Name Service Switch"' for information about this file.

root@server-client:~# sudo vi /etc/nsswitch.conf

passwd:         compat ldap
group:          compat ldap
shadow:         compat ldap
gshadow:        files

hosts:          files resolve [!UNAVAIL=return] dns
networks:       files

protocols:      db files
services:       db files

ethers:         db files
rpc:            db files

netgroup:       nis

#edit pam.d
root@server-client:~# sudo vi /etc/pam.d/common-session

#add this line at the bottom: session required        pam_mkhomedir.so skel=/etc/skel umask=077
#restart nscd
root@server-client:~# sudo /etc/init.d/nscd restart
[ ok ] Restarting nscd (via systemctl): nscd.service.




# This file MUST be edited with the 'visudo' command as root.
#
# Please consider adding local content in /etc/sudoers.d/ instead$
# directly modifying this file.
#
# See the man page for details on how to write a sudoers file.
#
Defaults        env_reset
Defaults        mail_badpass
Defaults        secure_path="/usr/local/sbin:/usr/local/bin:/usr/$

# Host alias specification

# User alias specification

# Cmnd alias specification

# User privilege specification
root    ALL=(ALL:ALL) ALL

# Members of the admin group may gain root privileges
#admin ALL=(ALL) ALL                                          <<<<<<<<<commentout

# Allow members of group sudo to execute any command
%sudo   ALL=(ALL:ALL) ALL

# See sudoers(5) for more information on "#include" directives:

#includedir /etc/sudoers.d
#edit sshd config
cd /etc/ssh
#if permission denied cp sshd_config sshd_config.bak
root@server-client:/etc/ssh# vi sshd_config

#comment out >> #PasswordAuthentication no, 
#comment out >> #ChallengeResponseAuthentication no

#restart the sshd service

root@server-client:/etc/ssh# systemctl restart sshd.service 

#login in your phpldapadmin server and create user account


login as: 
[root@ldap-server ~]# ssh fjemal@10.128.0.3
Password:
Welcome to Ubuntu 16.10 (GNU/Linux 4.8.0-32-generic x86_64)

 * Documentation:  https://help.ubuntu.com
 * Management:     https://landscape.canonical.com
 * Support:        https://ubuntu.com/advantage

  Get cloud support with Ubuntu Advantage Cloud Guest:
    http://www.ubuntu.com/business/services/cloud

37 packages can be updated.
0 updates are security updates.


*** System restart required ***
Last login: Wed Feb 15 22:08:16 2017 from 10.128.0.2
$


